// Vitest Snapshot v1, https://vitest.dev/guide/snapshot.html

exports[`build-manifest > matches the committed snapshot (byte-identical output, Req 1.10) 1`] = `
{
  "clusters": [
    {
      "colour": "#EC4899",
      "id": "customers",
      "label": "Customers",
    },
    {
      "colour": "#64748B",
      "id": "quotes",
      "label": "Quotes",
    },
    {
      "colour": "#64748B",
      "id": "suppliers",
      "label": "Suppliers",
    },
  ],
  "commit": "0000000000000000000000000000000000000000",
  "edges": [
    {
      "from": "app:/customers",
      "kind": "drill",
      "to": "app:/customers/[id]",
    },
    {
      "from": "app:/quotes",
      "kind": "drill",
      "to": "app:/quotes/[id]",
    },
    {
      "from": "app:/quotes/[id]",
      "kind": "drill",
      "to": "app:/quotes/[id]/cost-analysis",
    },
    {
      "from": "app:/quotes/[id]",
      "kind": "drill",
      "to": "app:/quotes/[id]/items",
    },
    {
      "from": "app:/suppliers",
      "kind": "drill",
      "to": "app:/suppliers/[id]",
    },
  ],
  "generated_at": "2026-04-22T00:00:00.000Z",
  "nodes": [
    {
      "children": [
        "app:/customers/[id]",
      ],
      "cluster": "customers",
      "node_id": "app:/customers",
      "parent_node_id": null,
      "roles": [
        "admin",
        "finance",
        "head_of_logistics",
        "head_of_sales",
        "quote_controller",
        "sales",
        "spec_controller",
        "top_manager",
      ],
      "route": "/customers",
      "source_files": [
        "app/(app)/customers/page.tsx",
      ],
      "stories": [
        {
          "actor": "sales",
          "goal": "I can create a new customer from the customers page.",
          "ref": "customers-spec",
          "spec_file": "customers-spec/requirements.md",
        },
      ],
      "title": "Customers",
    },
    {
      "children": [],
      "cluster": "customers",
      "node_id": "app:/customers/[id]",
      "parent_node_id": "app:/customers",
      "roles": [
        "admin",
        "finance",
        "head_of_logistics",
        "head_of_sales",
        "quote_controller",
        "sales",
        "spec_controller",
        "top_manager",
      ],
      "route": "/customers/[id]",
      "source_files": [
        "app/(app)/customers/[id]/page.tsx",
      ],
      "stories": [
        {
          "actor": "sales",
          "goal": "I can create a new customer from the customers page.",
          "ref": "customers-spec",
          "spec_file": "customers-spec/requirements.md",
        },
      ],
      "title": "Customer Detail",
    },
    {
      "children": [
        "app:/quotes/[id]",
      ],
      "cluster": "quotes",
      "node_id": "app:/quotes",
      "parent_node_id": null,
      "roles": [
        "admin",
        "customs",
        "finance",
        "head_of_logistics",
        "head_of_procurement",
        "head_of_sales",
        "logistics",
        "procurement",
        "procurement_senior",
        "quote_controller",
        "sales",
        "spec_controller",
        "top_manager",
      ],
      "route": "/quotes",
      "source_files": [
        "app/(app)/quotes/page.tsx",
      ],
      "stories": [],
      "title": "Quotes",
    },
    {
      "children": [
        "app:/quotes/[id]/cost-analysis",
        "app:/quotes/[id]/items",
      ],
      "cluster": "quotes",
      "node_id": "app:/quotes/[id]",
      "parent_node_id": "app:/quotes",
      "roles": [
        "admin",
        "customs",
        "finance",
        "head_of_logistics",
        "head_of_procurement",
        "head_of_sales",
        "logistics",
        "procurement",
        "procurement_senior",
        "quote_controller",
        "sales",
        "spec_controller",
        "top_manager",
      ],
      "route": "/quotes/[id]",
      "source_files": [
        "app/(app)/quotes/[id]/page.tsx",
      ],
      "stories": [
        {
          "actor": "procurement",
          "goal": "I can collect supplier invoices against a quote.",
          "ref": "quote-detail",
          "spec_file": "quote-detail/requirements.md",
        },
        {
          "actor": "sales",
          "goal": "I can edit a quote header on the detail page.",
          "ref": "quote-detail",
          "spec_file": "quote-detail/requirements.md",
        },
      ],
      "title": "Quote Detail",
    },
    {
      "children": [],
      "cluster": "quotes",
      "node_id": "app:/quotes/[id]/cost-analysis",
      "parent_node_id": "app:/quotes/[id]",
      "roles": [
        "admin",
        "customs",
        "finance",
        "head_of_logistics",
        "head_of_procurement",
        "head_of_sales",
        "logistics",
        "procurement",
        "procurement_senior",
        "quote_controller",
        "sales",
        "spec_controller",
        "top_manager",
      ],
      "route": "/quotes/[id]/cost-analysis",
      "source_files": [
        "app/(app)/quotes/[id]/cost-analysis/page.tsx",
      ],
      "stories": [],
      "title": "Cost Analysis",
    },
    {
      "children": [],
      "cluster": "quotes",
      "node_id": "app:/quotes/[id]/items",
      "parent_node_id": "app:/quotes/[id]",
      "roles": [
        "admin",
        "customs",
        "finance",
        "head_of_logistics",
        "head_of_procurement",
        "head_of_sales",
        "logistics",
        "procurement",
        "procurement_senior",
        "quote_controller",
        "sales",
        "spec_controller",
        "top_manager",
      ],
      "route": "/quotes/[id]/items",
      "source_files": [
        "app/(app)/quotes/[id]/items/page.tsx",
      ],
      "stories": [],
      "title": "Quote Items",
    },
    {
      "children": [
        "app:/suppliers/[id]",
      ],
      "cluster": "suppliers",
      "node_id": "app:/suppliers",
      "parent_node_id": null,
      "roles": [
        "admin",
        "head_of_procurement",
        "procurement",
        "procurement_senior",
        "top_manager",
      ],
      "route": "/suppliers",
      "source_files": [
        "app/(app)/suppliers/page.tsx",
      ],
      "stories": [],
      "title": "Suppliers",
    },
    {
      "children": [],
      "cluster": "suppliers",
      "node_id": "app:/suppliers/[id]",
      "parent_node_id": "app:/suppliers",
      "roles": [
        "admin",
        "head_of_procurement",
        "procurement",
        "procurement_senior",
        "top_manager",
      ],
      "route": "/suppliers/[id]",
      "source_files": [
        "app/(app)/suppliers/[id]/page.tsx",
      ],
      "stories": [],
      "title": "Supplier Detail",
    },
  ],
  "version": 1,
}
`;
